<html>
<body>
<pre>
<h1>µVision Build Log</h1>
<h2>Tool Versions:</h2>
IDE-Version: ¦ÌVision V5.43.1.0
Copyright (C) 2025 ARM Ltd and ARM Germany GmbH. All rights reserved.
License Information: William Tau
1
User-based license: Keil MDK Community (non-commercial free of charge)
Valid until: Jun 1 2033. Cached until: Dec 16 2025
 
Tool Versions:
Toolchain:       Keil MDK Community (non-commercial free of charge  Version: 5.43.0.0
Toolchain Path:  E:\MDK-ARM\ARM\Version 5.06\Bin
C Compiler:      Armcc.exe V5.06 update 7 (build 960)
Assembler:       Armasm.exe V5.06 update 7 (build 960)
Linker/Locator:  ArmLink.exe V5.06 update 7 (build 960)
Library Manager: ArmAr.exe V5.06 update 7 (build 960)
Hex Converter:   FromElf.exe V5.06 update 7 (build 960)
CPU DLL:         SARMCM3.DLL V5.43.0.0
Dialog DLL:      DCM.DLL V1.17.5.0
Target DLL:      STLink\ST-LINKIII-KEIL_SWO.dll V3.3.1.0
Dialog DLL:      TCM.DLL V1.56.6.0
 
<h2>Project:</h2>
E:\WORK\TTR\WilliamTau\OneDrive\STM32\00_Code\01_LED\Projects\LED.uvprojx
Project File Date:  12/09/2025

<h2>Output:</h2>
*** Warning: The configured compiler version '5.06 update 7 (build 960)' does not support the selected User Based Licensing technology.
*** Using Compiler 'V5.06 update 7 (build 960)', folder: 'E:\MDK-ARM\ARM\Version 5.06\Bin'
Rebuild target 'Target_1'
assembling startup_stm32f103xe.s...
compiling stm32f1xx_hal_dma.c...
compiling system_stm32f1xx.c...
compiling stm32f1xx_hal_uart.c...
compiling usart.c...
compiling stm32f1xx_hal_rcc.c...
compiling stm32f1xx_hal.c...
compiling delay.c...
compiling stm32f1xx_hal_gpio_ex.c...
compiling stm32f1xx_it.c...
compiling main.c...
compiling sys.c...
compiling stm32f1xx_hal_usart.c...
compiling stm32f1xx_hal_gpio.c...
compiling stm32f1xx_hal_cortex.c...
compiling stm32f1xx_hal_rcc_ex.c...
compiling led.c...
linking...
Program Size: Code=5370 RO-data=362 RW-data=28 ZI-data=1900  
FromELF: creating hex file...
"..\Output\LED.axf" - 0 Error(s), 0 Warning(s).

<h2>Software Packages used:</h2>

Package Vendor: Keil
                https://www.keil.com/pack/Keil.STM32F1xx_DFP.2.4.1.pack
                Keil::STM32F1xx_DFP@2.4.1
                STMicroelectronics STM32F1 Series Device Support, Drivers and Examples

<h2>Collection of Component include folders:</h2>
  E:/MDK-ARM/appdata/Keil/STM32F1xx_DFP/2.4.1/Device/Include

<h2>Collection of Component Files used:</h2>
Build Time Elapsed:  00:00:15
</pre>
</body>
</html>
